/Knowin/foundation/haozhiwang/whz/ActiveVLN_three_directions_20261002/verl/__init__.py:18: UserWarning: pkg_resources is deprecated as an API. See https://setuptools.pypa.io/en/latest/pkg_resources.html. The pkg_resources package is slated for removal as early as 2025-11-30. Refrain from using this package or pin to Setuptools<81.
  import pkg_resources
Loading checkpoint shards:   0%|          | 0/2 [00:00<?, ?it/s]Loading checkpoint shards:  50%|█████     | 1/2 [00:00<00:00,  1.04it/s]Loading checkpoint shards: 100%|██████████| 2/2 [00:01<00:00,  1.59it/s]Loading checkpoint shards: 100%|██████████| 2/2 [00:01<00:00,  1.47it/s]
{"step": 1, "kind": "forward", "loss": 1.021144151687622, "elapsed_seconds": 2.894016981124878}
{"step": 25, "kind": "forward", "loss": 0.9313234090805054, "elapsed_seconds": 45.44053888320923}
{"step": 50, "kind": "backward", "loss": 0.9657835364341736, "elapsed_seconds": 90.49026370048523}
{"step": 75, "kind": "stationary", "loss": 0.07160232961177826, "elapsed_seconds": 134.70696997642517}
{"step": 100, "kind": "correct_forward", "loss": 2.070131540298462, "elapsed_seconds": 184.01722073554993}
{"step": 125, "kind": "correct_backward", "loss": 2.017285108566284, "elapsed_seconds": 227.54376745224}
{"step": 150, "kind": "group", "loss": 0.8491224646568298, "elapsed_seconds": 270.741658449173}
{"step": 175, "kind": "forward", "loss": 1.148240089416504, "elapsed_seconds": 317.80128240585327}
{"step": 200, "kind": "backward", "loss": 0.9742535352706909, "elapsed_seconds": 361.4414632320404}
{"step": 225, "kind": "stationary", "loss": 0.09458161890506744, "elapsed_seconds": 403.0882577896118}
{"step": 250, "kind": "correct_forward", "loss": 2.054023027420044, "elapsed_seconds": 447.576628446579}
{"step": 250, "development_small": {"policy_trajectories": 96, "expert_swap_trajectories": 48, "pair_counts": {"forward": 119, "backward": 51, "stationary": 201}, "unique_episodes_by_class": {"forward": 36, "backward": 22, "stationary": 49}, "accuracy": {"forward": 0.5798319327731093, "backward": 0.47058823529411764}, "scene_macro_accuracy": {"forward": 0.548905316175053, "backward": 0.48036338661338657}, "balanced_direction_accuracy": 0.5252100840336135, "instruction_gain_preference": 0.5416666666666666, "instruction_pairs": 48, "stationary_threshold_selected_on_development": 0.0776803269982338, "stationary_false_positive_rate": 0.09950248756218906, "forward_recall_at_stationary_threshold": 0.19327731092436976}, "preliminary_gate": {"balanced_direction": false, "forward": false, "backward": false, "instruction_grounding": false, "stationary_fpr": true, "forward_recall": false}}
{"step": 275, "kind": "correct_backward", "loss": 2.0626444816589355, "elapsed_seconds": 861.024561882019}
{"step": 300, "kind": "group", "loss": 0.8026441335678101, "elapsed_seconds": 906.4146053791046}
{"step": 325, "kind": "forward", "loss": 0.8331210017204285, "elapsed_seconds": 947.5456259250641}
{"step": 350, "kind": "backward", "loss": 0.8639816641807556, "elapsed_seconds": 991.0383093357086}
{"step": 375, "kind": "stationary", "loss": 0.004817865323275328, "elapsed_seconds": 1035.6807253360748}
{"step": 400, "kind": "correct_forward", "loss": 2.1073732376098633, "elapsed_seconds": 1081.018494606018}
{"step": 425, "kind": "correct_backward", "loss": 2.0640454292297363, "elapsed_seconds": 1124.2462277412415}
{"step": 450, "kind": "group", "loss": 0.855767548084259, "elapsed_seconds": 1171.4631793498993}
{"step": 475, "kind": "forward", "loss": 0.8327980637550354, "elapsed_seconds": 1217.445835351944}
{"step": 500, "kind": "backward", "loss": 0.9699469208717346, "elapsed_seconds": 1258.6073384284973}
{"step": 500, "development_small": {"policy_trajectories": 96, "expert_swap_trajectories": 48, "pair_counts": {"forward": 119, "backward": 51, "stationary": 201}, "unique_episodes_by_class": {"forward": 36, "backward": 22, "stationary": 49}, "accuracy": {"forward": 0.5042016806722689, "backward": 0.47058823529411764}, "scene_macro_accuracy": {"forward": 0.47519339213418155, "backward": 0.3971965534465534}, "balanced_direction_accuracy": 0.48739495798319327, "instruction_gain_preference": 0.5625, "instruction_pairs": 48, "stationary_threshold_selected_on_development": 0.06139043718576431, "stationary_false_positive_rate": 0.09950248756218906, "forward_recall_at_stationary_threshold": 0.17647058823529413}, "preliminary_gate": {"balanced_direction": false, "forward": false, "backward": false, "instruction_grounding": false, "stationary_fpr": true, "forward_recall": false}}
{"step": 525, "kind": "stationary", "loss": 0.07041630893945694, "elapsed_seconds": 1669.5760107040405}
{"step": 550, "kind": "correct_forward", "loss": 2.064577579498291, "elapsed_seconds": 1711.1962594985962}
{"step": 575, "kind": "correct_backward", "loss": 2.0520741939544678, "elapsed_seconds": 1758.432642698288}
{"step": 600, "kind": "group", "loss": 0.8324140310287476, "elapsed_seconds": 1803.678538799286}
{"step": 625, "kind": "forward", "loss": 1.1022030115127563, "elapsed_seconds": 1849.1030387878418}
{"step": 650, "kind": "backward", "loss": 0.8820521831512451, "elapsed_seconds": 1893.8775663375854}
{"step": 675, "kind": "stationary", "loss": 0.071117103099823, "elapsed_seconds": 1941.180265903473}
{"step": 700, "kind": "correct_forward", "loss": 2.1225132942199707, "elapsed_seconds": 1988.505600452423}
{"step": 725, "kind": "correct_backward", "loss": 2.0861167907714844, "elapsed_seconds": 2034.682566165924}
{"step": 750, "kind": "group", "loss": 0.8465193510055542, "elapsed_seconds": 2079.278872489929}
{"step": 775, "kind": "forward", "loss": 0.7103828191757202, "elapsed_seconds": 2125.4564669132233}
{"step": 800, "kind": "backward", "loss": 1.0087852478027344, "elapsed_seconds": 2170.198011159897}
{"step": 825, "kind": "stationary", "loss": 0.0010478636249899864, "elapsed_seconds": 2213.7280502319336}
{"step": 850, "kind": "correct_forward", "loss": 1.9675047397613525, "elapsed_seconds": 2259.249850988388}
{"step": 875, "kind": "correct_backward", "loss": 1.9233126640319824, "elapsed_seconds": 2305.864469766617}
{"step": 900, "kind": "group", "loss": 0.8481506705284119, "elapsed_seconds": 2349.4952931404114}
{"step": 925, "kind": "forward", "loss": 1.0327198505401611, "elapsed_seconds": 2394.7777082920074}
{"step": 950, "kind": "backward", "loss": 0.8618043065071106, "elapsed_seconds": 2436.6473133563995}
{"step": 975, "kind": "stationary", "loss": 0.4918161928653717, "elapsed_seconds": 2477.901392221451}
{"step": 1000, "kind": "correct_forward", "loss": 2.0742669105529785, "elapsed_seconds": 2524.233552455902}
{"step": 1000, "development_small": {"policy_trajectories": 96, "expert_swap_trajectories": 48, "pair_counts": {"forward": 119, "backward": 51, "stationary": 201}, "unique_episodes_by_class": {"forward": 36, "backward": 22, "stationary": 49}, "accuracy": {"forward": 0.37815126050420167, "backward": 0.6862745098039216}, "scene_macro_accuracy": {"forward": 0.3715734649122807, "backward": 0.6124396436896437}, "balanced_direction_accuracy": 0.5322128851540616, "instruction_gain_preference": 0.4166666666666667, "instruction_pairs": 48, "stationary_threshold_selected_on_development": 0.16699351370334625, "stationary_false_positive_rate": 0.09950248756218906, "forward_recall_at_stationary_threshold": 0.025210084033613446}, "preliminary_gate": {"balanced_direction": false, "forward": false, "backward": true, "instruction_grounding": false, "stationary_fpr": true, "forward_recall": false}}
{"step": 1025, "kind": "correct_backward", "loss": 1.8683748245239258, "elapsed_seconds": 2943.2404153347015}
{"step": 1050, "kind": "group", "loss": 0.7638455033302307, "elapsed_seconds": 2988.441549062729}
{"step": 1075, "kind": "forward", "loss": 0.8841626048088074, "elapsed_seconds": 3033.2781953811646}
{"step": 1100, "kind": "backward", "loss": 1.0445266962051392, "elapsed_seconds": 3073.4703147411346}
{"step": 1125, "kind": "stationary", "loss": 0.026303734630346298, "elapsed_seconds": 3114.398158788681}
{"step": 1150, "kind": "correct_forward", "loss": 1.919344425201416, "elapsed_seconds": 3154.3741755485535}
{"step": 1175, "kind": "correct_backward", "loss": 2.0438661575317383, "elapsed_seconds": 3197.312893629074}
{"step": 1200, "kind": "group", "loss": 0.7771516442298889, "elapsed_seconds": 3242.6621432304382}
{"step": 1225, "kind": "forward", "loss": 1.2917228937149048, "elapsed_seconds": 3288.2351496219635}
{"step": 1250, "kind": "backward", "loss": 1.026604413986206, "elapsed_seconds": 3331.226443529129}
{"step": 1275, "kind": "stationary", "loss": 0.24363096058368683, "elapsed_seconds": 3377.529322862625}
{"step": 1300, "kind": "correct_forward", "loss": 2.035723924636841, "elapsed_seconds": 3420.342873811722}
{"step": 1325, "kind": "correct_backward", "loss": 2.05450177192688, "elapsed_seconds": 3465.6283254623413}
{"step": 1350, "kind": "group", "loss": 0.7966463565826416, "elapsed_seconds": 3509.690257549286}
{"step": 1375, "kind": "forward", "loss": 0.9559786319732666, "elapsed_seconds": 3550.4203341007233}
{"step": 1400, "kind": "backward", "loss": 0.933672308921814, "elapsed_seconds": 3591.12437582016}
{"step": 1425, "kind": "stationary", "loss": 0.4273134768009186, "elapsed_seconds": 3633.353531599045}
{"step": 1450, "kind": "correct_forward", "loss": 2.0560545921325684, "elapsed_seconds": 3676.8272755146027}
{"step": 1475, "kind": "correct_backward", "loss": 2.2816109657287598, "elapsed_seconds": 3725.2763028144836}
{"step": 1500, "kind": "group", "loss": 0.5047318935394287, "elapsed_seconds": 3769.4670147895813}
{"step": 1500, "development_small": {"policy_trajectories": 96, "expert_swap_trajectories": 48, "pair_counts": {"forward": 119, "backward": 51, "stationary": 201}, "unique_episodes_by_class": {"forward": 36, "backward": 22, "stationary": 49}, "accuracy": {"forward": 0.5294117647058824, "backward": 0.5882352941176471}, "scene_macro_accuracy": {"forward": 0.5045456188548294, "backward": 0.5508137695637696}, "balanced_direction_accuracy": 0.5588235294117647, "instruction_gain_preference": 0.5208333333333334, "instruction_pairs": 48, "stationary_threshold_selected_on_development": 0.2221546545624733, "stationary_false_positive_rate": 0.09950248756218906, "forward_recall_at_stationary_threshold": 0.11764705882352941}, "preliminary_gate": {"balanced_direction": false, "forward": false, "backward": false, "instruction_grounding": false, "stationary_fpr": true, "forward_recall": false}}
{"selected_step": 1000, "small_gate": {"balanced_direction": false, "forward": false, "backward": true, "instruction_grounding": false, "stationary_fpr": true, "forward_recall": false}, "full_gate": null}
