Loading checkpoint shards:   0%|          | 0/2 [00:00<?, ?it/s]Loading checkpoint shards: 100%|██████████| 2/2 [00:00<00:00, 17.88it/s]Loading checkpoint shards: 100%|██████████| 2/2 [00:00<00:00, 17.83it/s]
/Knowin/foundation/haozhiwang/whz/ActiveVLN_turnwise_oracle_20261004/verl/__init__.py:18: UserWarning: pkg_resources is deprecated as an API. See https://setuptools.pypa.io/en/latest/pkg_resources.html. The pkg_resources package is slated for removal as early as 2025-11-30. Refrain from using this package or pin to Setuptools<81.
  import pkg_resources
{"step": 1, "loss": 1.337790846824646, "elapsed_seconds": 2.3045666217803955}
{"step": 32, "loss": 1.488295555114746, "elapsed_seconds": 28.107799768447876}
{"step": 64, "loss": 1.097377061843872, "elapsed_seconds": 54.41890287399292}
{"step": 96, "loss": 1.2429049015045166, "elapsed_seconds": 81.11136937141418}
{"step": 128, "loss": 0.7523802518844604, "elapsed_seconds": 107.7493064403534}
{"step": 160, "loss": 0.911516547203064, "elapsed_seconds": 134.46910190582275}
{"step": 192, "loss": 1.2823107242584229, "elapsed_seconds": 161.19583988189697}
{"step": 224, "loss": 0.5804432034492493, "elapsed_seconds": 187.8878333568573}
{"step": 256, "loss": 0.4261648654937744, "elapsed_seconds": 214.7317636013031}
{"checkpoint": 256, "subset_auc": 0.5616776315789473, "subset_recall": 0.09375}
{"step": 288, "loss": 1.2133066654205322, "elapsed_seconds": 283.0183002948761}
{"step": 320, "loss": 2.6122329235076904, "elapsed_seconds": 309.624169588089}
{"step": 352, "loss": 1.6446665525436401, "elapsed_seconds": 336.2929651737213}
{"step": 384, "loss": 1.110918402671814, "elapsed_seconds": 362.9121615886688}
{"step": 416, "loss": 0.5546388030052185, "elapsed_seconds": 389.62273836135864}
{"step": 448, "loss": 1.8564097881317139, "elapsed_seconds": 416.30273842811584}
{"step": 480, "loss": 1.7237473726272583, "elapsed_seconds": 442.88505840301514}
{"step": 512, "loss": 0.09039504081010818, "elapsed_seconds": 469.44702768325806}
{"checkpoint": 512, "subset_auc": 0.5881761695906432, "subset_recall": 0.109375}
{"step": 544, "loss": 0.8598264455795288, "elapsed_seconds": 537.7194890975952}
{"step": 576, "loss": 0.8193717002868652, "elapsed_seconds": 564.2783925533295}
{"step": 608, "loss": 1.5389162302017212, "elapsed_seconds": 590.9963321685791}
{"step": 640, "loss": 0.09535105526447296, "elapsed_seconds": 617.7408630847931}
{"step": 672, "loss": 1.1523032188415527, "elapsed_seconds": 644.4392464160919}
{"step": 704, "loss": 0.05516122281551361, "elapsed_seconds": 671.0700173377991}
{"step": 736, "loss": 0.6308800578117371, "elapsed_seconds": 697.7211515903473}
{"step": 768, "loss": 0.7008084654808044, "elapsed_seconds": 724.3451175689697}
{"checkpoint": 768, "subset_auc": 0.6353252923976608, "subset_recall": 0.203125}
{"step": 800, "loss": 0.228317990899086, "elapsed_seconds": 792.5757462978363}
{"step": 832, "loss": 0.33335667848587036, "elapsed_seconds": 819.2889835834503}
{"step": 864, "loss": 0.7139704823493958, "elapsed_seconds": 845.6466672420502}
{"step": 896, "loss": 0.04046659544110298, "elapsed_seconds": 872.180700302124}
{"step": 928, "loss": 0.04666610062122345, "elapsed_seconds": 898.7301695346832}
{"step": 960, "loss": 0.6436278820037842, "elapsed_seconds": 925.220196723938}
{"step": 992, "loss": 0.1788540929555893, "elapsed_seconds": 951.8719742298126}
{"step": 1024, "loss": 0.6941964626312256, "elapsed_seconds": 978.6156327724457}
{"checkpoint": 1024, "subset_auc": 0.6451937134502924, "subset_recall": 0.1875}
{"selected_step": 1024, "development": {"pairs": 758, "counts": {"crossing": 288, "far_nonarrival": 202, "retreat": 92, "wrong_instruction": 176}, "unique_episode_ids": {"crossing": 62, "far_nonarrival": 53, "retreat": 30, "wrong_instruction": 41}, "auc_pooled": 0.6430260047281324, "within_route_rank_accuracy": 0.6461916461916462, "threshold": {"threshold": 2.748049020767212, "pooled_recall": 0.15625, "pooled_fpr": 0.04893617021276596, "target_fpr": 0.05}, "rates": {"near_failure_recall": 0.13445378151260504, "far_nonarrival_fpr": 0.024752475247524754, "retreat_fpr": 0.021739130434782608, "wrong_instruction_fpr": 0.09090909090909091}, "model_gates": {"crossing_episode_ids_at_least_50": true, "far_episode_ids_at_least_50": true, "retreat_episode_ids_at_least_25": true, "wrong_episode_ids_at_least_30": true, "pooled_fpr_at_most_0_05": true, "crossing_recall_at_least_0_55": false, "near_failure_recall_at_least_0_50": false, "retreat_fpr_at_most_0_10": true, "wrong_fpr_at_most_0_12": true}, "episode_macro": {"crossing": {"groups": 62, "macro_rate": 0.11663059163059161}, "far_nonarrival": {"groups": 53, "macro_rate": 0.03647798742138365}, "retreat": {"groups": 30, "macro_rate": 0.025}, "wrong_instruction": {"groups": 41, "macro_rate": 0.07682926829268293}}, "scene_macro": {"crossing": {"groups": 8, "macro_rate": 0.11287019703842369}, "far_nonarrival": {"groups": 8, "macro_rate": 0.0175}, "retreat": {"groups": 7, "macro_rate": 0.017331932773109245}, "wrong_instruction": {"groups": 7, "macro_rate": 0.0684660961158657}}}, "model_gate_passed_before_controls": false, "elapsed_seconds": 1154.989143371582}
